Running clang static analyzer...
clang: warning: argument unused during compilation: '-c' [-Wunused-command-line-argument]
clang: warning: argument unused during compilation: '-c' [-Wunused-command-line-argument]
clang: warning: argument unused during compilation: '-c' [-Wunused-command-line-argument]
clang: warning: argument unused during compilation: '-c' [-Wunused-command-line-argument]
clang: warning: argument unused during compilation: '-c' [-Wunused-command-line-argument]
clang: warning: argument unused during compilation: '-c' [-Wunused-command-line-argument]
clang: warning: argument unused during compilation: '-c' [-Wunused-command-line-argument]
clang: warning: argument unused during compilation: '-c' [-Wunused-command-line-argument]
clang: warning: argument unused during compilation: '-c' [-Wunused-command-line-argument]
clang: warning: argument unused during compilation: '-c' [-Wunused-command-line-argument]
clang: warning: argument unused during compilation: '-c' [-Wunused-command-line-argument]
clang: warning: argument unused during compilation: '-c' [-Wunused-command-line-argument]
kernel/sched/scheduler.c:477:7: warning: Access to field 'state' results in a dereference of a null pointer (loaded from variable 'old_task') [core.NullDereference]
  477 |   if (old_task->state == TASK_RUNNING) {
      |       ^~~~~~~~~~~~~~~
kernel/sched/scheduler.c:1221:34: warning: Access to field 'session_id' results in a dereference of a null pointer (loaded from variable 'current_task') [core.NullDereference]
clang: warning: argument unused during compilation: '-c' [-Wunused-command-line-argument]
kernel/syscall/syscall.c:983:21: warning: The left operand of '<' is a garbage value [core.UndefinedBinaryOperatorResult]
  983 |       if (fds[i].fd < 0) {
      |           ~~~~~~~~~ ^
1 warning generated.
clang: warning: argument unused during compilation: '-c' [-Wunused-command-line-argument]
clang: warning: argument unused during compilation: '-c' [-Wunused-command-line-argument]
kernel/fs/vfs.c:1504:5: warning: Access to field 'inode' results in a dereference of a fixed address (loaded from variable 'tty') [core.FixedAddressDereference]
 1504 |     tty->inode->read_cb = tty_read;
      |     ^~~~~~~~~~
kernel/fs/vfs.c:1632:7: warning: Access to field 'type' results in a dereference of a null pointer (loaded from field 'inode') [core.NullDereference]
clang: warning: argument unused during compilation: '-c' [-Wunused-command-line-argument]
clang: warning: argument unused during compilation: '-c' [-Wunused-command-line-argument]
clang: warning: argument unused during compilation: '-c' [-Wunused-command-line-argument]
clang: warning: argument unused during compilation: '-c' [-Wunused-command-line-argument]
clang: warning: argument unused during compilation: '-c' [-Wunused-command-line-argument]
clang: warning: argument unused during compilation: '-c' [-Wunused-command-line-argument]
clang: warning: argument unused during compilation: '-c' [-Wunused-command-line-argument]
kernel/fs/ext3.c:69:100: warning: Division by zero [core.DivideZero]
   69 |   u32 bg_block = (fs->block_size == 1024 ? 2 : 1) + (group * sizeof(struct ext2_block_group_desc)) / fs->block_size;
      |                                                     ~~~~~~~~~~~~~~~~~~~~~~~~~~~~~~~~~~~~~~~~~~~~~~~^~~~~~~~~~~~~~~~
1 warning generated.
clang: warning: argument unused during compilation: '-c' [-Wunused-command-line-argument]
clang: warning: argument unused during compilation: '-c' [-Wunused-command-line-argument]
clang: warning: argument unused during compilation: '-c' [-Wunused-command-line-argument]
clang: warning: argument unused during compilation: '-c' [-Wunused-command-line-argument]
clang: warning: argument unused during compilation: '-c' [-Wunused-command-line-argument]
clang: warning: argument unused during compilation: '-c' [-Wunused-command-line-argument]
clang: warning: argument unused during compilation: '-c' [-Wunused-command-line-argument]
clang: warning: argument unused during compilation: '-c' [-Wunused-command-line-argument]
clang: warning: argument unused during compilation: '-c' [-Wunused-command-line-argument]
clang: warning: argument unused during compilation: '-c' [-Wunused-command-line-argument]
clang: warning: argument unused during compilation: '-c' [-Wunused-command-line-argument]
kernel/user/process.c:665:7: warning: Access to field 'kind' results in a dereference of a null pointer (loaded from variable 'image') [core.NullDereference]
  665 |   if (image->kind == USER_IMAGE_ELF64) {
      |       ^~~~~~~~~~~
1 warning generated.
clang: warning: argument unused during compilation: '-c' [-Wunused-command-line-argument]
kernel/user/programs.c:324:21: warning: Assigned value is uninitialized [core.uninitialized.Assign]
  324 |       combined[len] = cwd[len];
      |                     ^ ~~~~~~~~
1 warning generated.
clang: warning: argument unused during compilation: '-c' [-Wunused-command-line-argument]
kernel/user/busybox.c:2259:21: warning: Array access (from variable 'argv') results in a null pointer dereference [core.NullDereference]
 2259 |   const char *cmd = argv[1];
      |                     ^~~~~~~
1 warning generated.
clang: warning: argument unused during compilation: '-c' [-Wunused-command-line-argument]
clang: warning: argument unused during compilation: '-c' [-Wunused-command-line-argument]
clang: warning: argument unused during compilation: '-c' [-Wunused-command-line-argument]
kernel/user/editor.c:32:2: warning: Null pointer passed as 2nd argument to string copy function [unix.cstring.NullArg]
   32 |         strcpy(ed.filename, path);
      |         ^~~~~~~~~~~~~~~~~~~~~~~~~
kernel/user/editor.c:535:14: warning: Array access (from variable 'argv') results in a null pointer dereference [core.NullDereference]
clang: warning: argument unused during compilation: '-c' [-Wunused-command-line-argument]
clang: warning: argument unused during compilation: '-c' [-Wunused-command-line-argument]
clang: warning: argument unused during compilation: '-c' [-Wunused-command-line-argument]
kernel/arch/x86/console.c:29:39: warning: Array access (from variable 'vga') results in a dereference of a fixed address [core.FixedAddressDereference]
   29 |                         vga[(row - 1) * VGA_WIDTH + col] = vga[row * VGA_WIDTH + col];
      |                                                            ^~~~~~~~~~~~~~~~~~~~~~~~~~
kernel/arch/x86/console.c:59:31: warning: Array access (from variable 'vga') results in a dereference of a fixed address [core.FixedAddressDereference]
clang: warning: argument unused during compilation: '-c' [-Wunused-command-line-argument]
clang: warning: argument unused during compilation: '-c' [-Wunused-command-line-argument]
clang: warning: argument unused during compilation: '-c' [-Wunused-command-line-argument]
clang: warning: argument unused during compilation: '-c' [-Wunused-command-line-argument]
clang: warning: argument unused during compilation: '-c' [-Wunused-command-line-argument]
clang: warning: argument unused during compilation: '-c' [-Wunused-command-line-argument]
clang: warning: argument unused during compilation: '-c' [-Wunused-command-line-argument]
clang: warning: argument unused during compilation: '-c' [-Wunused-command-line-argument]
kernel/arch/x86/lapic.c:34:12: warning: Array access (from variable 'lapic_base') results in a dereference of a fixed address [core.FixedAddressDereference]
   34 |     return lapic_base[reg / 4];
      |            ^~~~~~~~~~~~~~~~~~~
kernel/arch/x86/lapic.c:215:34: warning: Dereference of a fixed address [core.FixedAddressDereference]
clang: warning: argument unused during compilation: '-c' [-Wunused-command-line-argument]
clang: warning: argument unused during compilation: '-c' [-Wunused-command-line-argument]
clang: warning: argument unused during compilation: '-c' [-Wunused-command-line-argument]
clang: warning: argument unused during compilation: '-c' [-Wunused-command-line-argument]
clang: warning: argument unused during compilation: '-c' [-Wunused-command-line-argument]
clang: warning: argument unused during compilation: '-c' [-Wunused-command-line-argument]
clang: warning: argument unused during compilation: '-c' [-Wunused-command-line-argument]
clang: warning: argument unused during compilation: '-c' [-Wunused-command-line-argument]
clang: warning: argument unused during compilation: '-c' [-Wunused-command-line-argument]
clang: warning: argument unused during compilation: '-c' [-Wunused-command-line-argument]
kernel/dev/virtio_gpu.c:367:19: warning: The left operand of '!=' is a garbage value [core.UndefinedBinaryOperatorResult]
  367 |         resp.type != VIRTIO_GPU_RESP_OK_NODATA) {
      |         ~~~~~~~~~ ^
kernel/dev/virtio_gpu.c:699:19: warning: The left operand of '!=' is a garbage value [core.UndefinedBinaryOperatorResult]
clang: warning: argument unused during compilation: '-c' [-Wunused-command-line-argument]
clang: warning: argument unused during compilation: '-c' [-Wunused-command-line-argument]
clang: warning: argument unused during compilation: '-c' [-Wunused-command-line-argument]
clang: warning: argument unused during compilation: '-c' [-Wunused-command-line-argument]
clang: warning: argument unused during compilation: '-c' [-Wunused-command-line-argument]
clang: warning: argument unused during compilation: '-c' [-Wunused-command-line-argument]
clang: warning: argument unused during compilation: '-c' [-Wunused-command-line-argument]
clang: warning: argument unused during compilation: '-c' [-Wunused-command-line-argument]
clang: warning: argument unused during compilation: '-c' [-Wunused-command-line-argument]
clang: warning: argument unused during compilation: '-c' [-Wunused-command-line-argument]
clang: warning: argument unused during compilation: '-c' [-Wunused-command-line-argument]
Analysis results in build/x86/analyze
  build/x86/analyze/bootinfo/multiboot2.plist
  build/x86/analyze/net/ethernet.plist
  build/x86/analyze/net/unix.plist
  build/x86/analyze/net/udp.plist
  build/x86/analyze/net/arp.plist
  build/x86/analyze/net/socket.plist
  build/x86/analyze/net/net.plist
  build/x86/analyze/net/dns.plist
  build/x86/analyze/net/tcp.plist
  build/x86/analyze/net/ipv4.plist
  build/x86/analyze/net/icmp.plist
  build/x86/analyze/net/dhcp.plist
  build/x86/analyze/sched/runqueue.plist
  build/x86/analyze/sched/scheduler.plist
  build/x86/analyze/sched/uidgid.plist
  build/x86/analyze/user/busybox.plist
  build/x86/analyze/user/editor.plist
  build/x86/analyze/user/programs.plist
  build/x86/analyze/user/process.plist
  build/x86/analyze/user/nmake.plist
  build/x86/analyze/user/mc.plist
  build/x86/analyze/user/tui_common.plist
  build/x86/analyze/main.plist
  build/x86/analyze/arch/x86/io.plist
  build/x86/analyze/arch/x86/interrupts.plist
  build/x86/analyze/arch/x86/signal.plist
  build/x86/analyze/arch/x86/rtc.plist
  build/x86/analyze/arch/x86/lapic.plist
  build/x86/analyze/arch/x86/fb_console.plist
  build/x86/analyze/arch/x86/serial.plist
  build/x86/analyze/arch/x86/console.plist
  build/x86/analyze/arch/x86/arch.plist
  build/x86/analyze/arch/x86/paging.plist
  build/x86/analyze/lib/klog.plist
  build/x86/analyze/lib/stdio.plist
  build/x86/analyze/lib/string.plist
  build/x86/analyze/lib/unistd.plist
  build/x86/analyze/lib/stdlib.plist
  build/x86/analyze/mm/swap.plist
  build/x86/analyze/mm/pmm.plist
  build/x86/analyze/mm/eviction.plist
  build/x86/analyze/mm/page_cache.plist
  build/x86/analyze/mm/kheap.plist
  build/x86/analyze/dev/ps2_kbd.plist
  build/x86/analyze/dev/ahci.plist
  build/x86/analyze/dev/blk.plist
  build/x86/analyze/dev/nvme.plist
  build/x86/analyze/dev/virtio_blk.plist
  build/x86/analyze/dev/pci.plist
  build/x86/analyze/dev/video.plist
  build/x86/analyze/dev/compositor.plist
  build/x86/analyze/dev/ps2_mouse.plist
  build/x86/analyze/dev/virtio_gpu.plist
  build/x86/analyze/dev/virtio.plist
  build/x86/analyze/ipc/shm.plist
  build/x86/analyze/ipc/mqueue.plist
  build/x86/analyze/syscall/syscall.plist
  build/x86/analyze/fs/vfs_slab.plist
  build/x86/analyze/fs/btrfs.plist
  build/x86/analyze/fs/journal.plist
  build/x86/analyze/fs/initramfs.plist
  build/x86/analyze/fs/vfs.plist
  build/x86/analyze/fs/ext2.plist
  build/x86/analyze/fs/fat32.plist
  build/x86/analyze/fs/ext4.plist
  build/x86/analyze/fs/ext1.plist
  build/x86/analyze/fs/pipe.plist
  build/x86/analyze/fs/aio.plist
  build/x86/analyze/fs/ext3.plist
  build/x86/analyze/fs/filelock.plist
